nishijima@HALMacBook-Air: ~/Documents/DX研修/課題用/Git_challenge 
$ git init
hint: Using 'master' as the name for the initial branch. This default branch name
hint: is subject to change. To configure the initial branch name to use in all
hint: of your new repositories, which will suppress this warning, call:
hint:
hint:   git config --global init.defaultBranch <name>
hint:
hint: Names commonly chosen instead of 'master' are 'main', 'trunk' and
hint: 'development'. The just-created branch can be renamed via this command:
hint:
hint:   git branch -m <name>
Initialized empty Git repository in /Users/nishijima/Documents/DX研修/課題用/Git_challenge/.git/
nishijima@HALMacBook-Air: ~/Documents/DX研修/課題用/Git_challenge (master #)
$ mkdir git_challenge
nishijima@HALMacBook-Air: ~/Documents/DX研修/課題用/Git_challenge (master #)
$ cd git_challenge
nishijima@HALMacBook-Air: ~/Documents/DX研修/課題用/Git_challenge/git_challenge (master #)
$ git add hello_world.txt
nishijima@HALMacBook-Air: ~/Documents/DX研修/課題用/Git_challenge/git_challenge (master +)
$ git commit -m"hello_world.txtを追加"
[master (root-commit) 68908ef] hello_world.txtを追加
 1 file changed, 2 insertions(+)
 create mode 100644 git_challenge/hello_world.txt
nishijima@HALMacBook-Air: ~/Documents/DX研修/課題用/Git_challenge/git_challenge (master)
$ git add hello_world.txt
nishijima@HALMacBook-Air: ~/Documents/DX研修/課題用/Git_challenge/git_challenge (master +)
$ git commit -m"日本語訳を追記"
[master 410b650] 日本語訳を追記
 1 file changed, 1 insertion(+), 1 deletion(-)
nishijima@HALMacBook-Air: ~/Documents/DX研修/課題用/Git_challenge/git_challenge (master)
$ git log --oneline
410b650 (HEAD -> master) 日本語訳を追記
68908ef hello_world.txtを追加
nishijima@HALMacBook-Air: ~/Documents/DX研修/課題用/Git_challenge/git_challenge (master)
$ 